Godot Engine v4.7.1.stable.official.a13da4feb - https://godotengine.org
OpenGL API 3.3.0 - Build 32.0.101.8132 - Compatibility - Using Device: Intel - Intel(R) Graphics

WARNING: 2D MSAA is not yet supported for GLES3.
   at: render_target_set_msaa (drivers/gles3/storage/texture_storage.cpp:3210)
check: blind — the sample left the band: true
check: blind — the band is empty again: true
check: blind — the table is hidden: true
check: wrote 01_blind.png
check: tiles — three of the harness's stones are held: true
check: tiles — the table shows: true
check: wrote 02_tiles.png
check: given — the rock is whole, kind given, who carried: true
[stone] 3 button pressed=true
[stone] 3 button pressed=false
check: given — the rock became two gravel stones, source kept: true
check: fetched — kind and asked carried: true
check: wrote 03_sources.png
check: tarp — one stone landed at the rim: true
check: wrote 04_tarp.png
check: tarp — folded back to the table: true
check: wrote 04b_folded.png
check: hold — the stones are still there after a reload: true
check: wrote 05_hold.png
[stone] 2 button pressed=true
[stone] 2 motion while dragging
[stone] 2 motion while dragging
[stone] 2 motion while dragging
[stone] 2 motion while dragging
[stone] 2 motion while dragging
[stone] 2 motion while dragging
[stone] 2 motion while dragging
[stone] 2 motion while dragging
[stone] 2 button pressed=false
check: merge — written order despite reverse picks: true
check: merge — the seams held in the data: true
check: merge — shared source carried whole: true
check: merge — both parts kept in the bank, staged merged: true
check: wrote 06_pool.png
[stone] 7 button pressed=true
[stone] 7 button pressed=false
check: seams — opened and the store did not change: true
check: wrote 06b_the_seams_open.png
check: sheet — typing fired no cut, nothing left the page: true
check: wrote 07_sheet.png
check: sheet — Ctrl+Enter cut the page into two stones: true
check: sheet — the page is never cleared: true
check: sheet — a second deposit doubles nothing: true
check: wrote 08_landed.png
[stone] 0 button pressed=true
[stone] 0 button pressed=false
check: arrival — the edit is HELD, the standing text unchanged: true
check: wrote 11_the_arrival_held.png
check: wrote 12_the_sheet_shows_the_arrival.png
[stone] 0 button pressed=true
[stone] 0 button pressed=false
ERROR: writing_check: no face says 'TAKE THE ARRIVED EDIT'
   at: push_error (core/variant/variant_utility.cpp:1023)
   GDScript backtrace (most recent call first):
       [0] _btn (res://tools/writing_check.gd:263)
       [1] _run (res://tools/writing_check.gd:194)
       [2] _click_stone (res://tools/writing_check.gd:301)
       [3] _click (res://tools/writing_check.gd:325)
       [4] _settle (res://tools/writing_check.gd:383)
check: arrival — taken by hand, the body settles, nothing else waits: false
