Godot Engine v4.7.1.stable.official.a13da4feb - https://godotengine.org
OpenGL API 3.3.0 - Build 32.0.101.8132 - Compatibility - Using Device: Intel - Intel(R) Graphics

WARNING: 2D MSAA is not yet supported for GLES3.
   at: render_target_set_msaa (drivers/gles3/storage/texture_storage.cpp:3210)
check: blind — the sample left the band: true
check: blind — the band is empty again: true
check: blind — the table is hidden: true
check: wrote 01_blind.png
check: tiles — three of the harness's stones are held: true
check: tiles — the table shows: true
check: wrote 02_tiles.png
check: given — the rock is whole, kind given, who carried: true
[stone] 3 button pressed=true
[stone] 3 button pressed=false
check: given — the rock became two gravel stones, source kept: true
check: fetched — kind and asked carried: true
check: wrote 03_sources.png
check: tarp — one stone landed at the rim: true
check: wrote 04_tarp.png
check: tarp — folded back to the table: true
check: wrote 04b_folded.png
check: hold — the stones are still there after a reload: true
check: wrote 05_hold.png
[stone] 2 button pressed=true
[stone] 2 motion while dragging
[stone] 2 motion while dragging
[stone] 2 motion while dragging
[stone] 2 motion while dragging
[stone] 2 motion while dragging
[stone] 2 motion while dragging
[stone] 2 motion while dragging
[stone] 2 motion while dragging
[stone] 2 button pressed=false
check: merge — written order despite reverse picks: false
check: merge — the seams held in the data: false
check: merge — shared source carried whole: false
check: merge — both parts kept in the bank, staged merged: false
check: wrote 06_pool.png
[stone] 6 button pressed=true
[stone] 6 button pressed=false
ERROR: writing_check: no face says 'OPEN THE SEAMS'
   at: push_error (core/variant/variant_utility.cpp:1023)
   GDScript backtrace (most recent call first):
       [0] _btn (res://tools/writing_check.gd:263)
       [1] _run (res://tools/writing_check.gd:132)
       [2] _click_stone (res://tools/writing_check.gd:301)
       [3] _click (res://tools/writing_check.gd:325)
       [4] _settle (res://tools/writing_check.gd:383)
check: seams — opened and the store did not change: true
